// Jest Snapshot v1, https://goo.gl/fbAQLP

exports[`InputGroup Conponent TESTS InputGroup smapshot 1`] = `
{
  "asFragment": [Function],
  "baseElement": <body>
    <div>
      <div
        class="mb-4"
      >
        <label
          class="mb-2.5 block font-medium text-black dark:text-white"
          for="email"
        >
          Електронна пошта
        </label>
        <div
          class="relative"
        >
          <input
            class="w-full rounded-lg border bg-transparent py-4 pl-6 pr-10 outline-none focus:border-primary focus-visible:shadow-none dark:bg-form-input border-stroke dark:border-form-strokedark "
            id="email"
            name="email"
            placeholder="Вкажіть пошту"
            type="email"
            value=""
          />
        </div>
      </div>
    </div>
  </body>,
  "container": <div>
    <div
      class="mb-4"
    >
      <label
        class="mb-2.5 block font-medium text-black dark:text-white"
        for="email"
      >
        Електронна пошта
      </label>
      <div
        class="relative"
      >
        <input
          class="w-full rounded-lg border bg-transparent py-4 pl-6 pr-10 outline-none focus:border-primary focus-visible:shadow-none dark:bg-form-input border-stroke dark:border-form-strokedark "
          id="email"
          name="email"
          placeholder="Вкажіть пошту"
          type="email"
          value=""
        />
      </div>
    </div>
  </div>,
  "debug": [Function],
  "findAllByAltText": [Function],
  "findAllByDisplayValue": [Function],
  "findAllByLabelText": [Function],
  "findAllByPlaceholderText": [Function],
  "findAllByRole": [Function],
  "findAllByTestId": [Function],
  "findAllByText": [Function],
  "findAllByTitle": [Function],
  "findByAltText": [Function],
  "findByDisplayValue": [Function],
  "findByLabelText": [Function],
  "findByPlaceholderText": [Function],
  "findByRole": [Function],
  "findByTestId": [Function],
  "findByText": [Function],
  "findByTitle": [Function],
  "getAllByAltText": [Function],
  "getAllByDisplayValue": [Function],
  "getAllByLabelText": [Function],
  "getAllByPlaceholderText": [Function],
  "getAllByRole": [Function],
  "getAllByTestId": [Function],
  "getAllByText": [Function],
  "getAllByTitle": [Function],
  "getByAltText": [Function],
  "getByDisplayValue": [Function],
  "getByLabelText": [Function],
  "getByPlaceholderText": [Function],
  "getByRole": [Function],
  "getByTestId": [Function],
  "getByText": [Function],
  "getByTitle": [Function],
  "queryAllByAltText": [Function],
  "queryAllByDisplayValue": [Function],
  "queryAllByLabelText": [Function],
  "queryAllByPlaceholderText": [Function],
  "queryAllByRole": [Function],
  "queryAllByTestId": [Function],
  "queryAllByText": [Function],
  "queryAllByTitle": [Function],
  "queryByAltText": [Function],
  "queryByDisplayValue": [Function],
  "queryByLabelText": [Function],
  "queryByPlaceholderText": [Function],
  "queryByRole": [Function],
  "queryByTestId": [Function],
  "queryByText": [Function],
  "queryByTitle": [Function],
  "rerender": [Function],
  "unmount": [Function],
}
`;
